// Jest Snapshot v1, https://goo.gl/fbAQLP

exports[`renders correctly 1`] = `
<View
  style={
    Object {
      "flex": 1,
    }
  }
>
  <View
    style={
      Object {
        "backgroundColor": "black",
        "flexDirection": "row",
        "height": 66.7,
      }
    }
  >
    <View
      style={
        Object {
          "alignContent": "center",
          "justifyContent": "center",
          "width": 187.5,
        }
      }
    />
    <View
      style={
        Object {
          "flexDirection": "column",
          "justifyContent": "center",
          "width": 375,
        }
      }
    >
      <Text
        accessible={true}
        allowFontScaling={true}
        disabled={false}
        ellipsizeMode="tail"
        style={
          Array [
            Object {
              "fontFamily": "Courier New",
            },
            Array [
              Object {
                "fontSize": 55.583333333333336,
                "textAlign": "center",
              },
              Object {
                "color": "white",
                "textShadowColor": "rgba(255, 255, 255, 1.0)",
                "textShadowOffset": Object {
                  "height": 1,
                  "width": -1,
                },
                "textShadowRadius": 8,
              },
            ],
          ]
        }
      >
        BarCode
      </Text>
    </View>
    <View
      style={
        Object {
          "alignItems": "flex-end",
          "justifyContent": "center",
          "width": 187.5,
        }
      }
    />
  </View>
  <RCTScrollView>
    <View>
      <View
        style={
          Object {
            "backgroundColor": "black",
            "flex": 1,
            "justifyContent": "center",
            "minHeight": 333.5,
          }
        }
      >
        <Text
          accessible={true}
          allowFontScaling={true}
          disabled={false}
          ellipsizeMode="tail"
          style={
            Array [
              Object {
                "fontFamily": "Courier New",
              },
              Object {
                "color": "silver",
                "fontSize": 91.82266386900349,
                "marginBottom": 10,
                "textAlign": "center",
              },
            ]
          }
        >
          Legends
        </Text>
        <View
          style={
            Object {
              "flexDirection": "column",
            }
          }
        >
          <View
            accessibilityComponentType={undefined}
            accessibilityLabel={undefined}
            accessibilityTraits={undefined}
            accessible={true}
            collapsable={undefined}
            hitSlop={undefined}
            isTVSelectable={true}
            nativeID={undefined}
            onLayout={undefined}
            onResponderGrant={[Function]}
            onResponderMove={[Function]}
            onResponderRelease={[Function]}
            onResponderTerminate={[Function]}
            onResponderTerminationRequest={[Function]}
            onStartShouldSetResponder={[Function]}
            style={
              Object {
                "opacity": 1,
              }
            }
            testID={undefined}
            tvParallaxProperties={undefined}
          >
            <View
              style={
                Object {
                  "alignContent": "center",
                  "flexDirection": "row",
                  "justifyContent": "center",
                  "margin": 6.67,
                }
              }
            >
              <Text
                accessible={true}
                allowFontScaling={false}
                disabled={false}
                ellipsizeMode="tail"
                style={
                  Array [
                    Object {
                      "color": "darkgray",
                      "fontSize": 20,
                    },
                    undefined,
                    Object {
                      "fontFamily": "FontAwesome",
                      "fontStyle": "normal",
                      "fontWeight": "normal",
                    },
                  ]
                }
              >
                
              </Text>
              <Text
                accessible={true}
                allowFontScaling={true}
                disabled={false}
                ellipsizeMode="tail"
                style={
                  Array [
                    Object {
                      "fontFamily": "Courier New",
                    },
                    Object {
                      "alignSelf": "center",
                      "color": "darkgray",
                      "fontSize": 30.607554623001164,
                      "marginLeft": 5,
                    },
                  ]
                }
              >
                522 E Green St, Champaign, IL 61820
              </Text>
            </View>
          </View>
          <View
            accessibilityComponentType={undefined}
            accessibilityLabel={undefined}
            accessibilityTraits={undefined}
            accessible={true}
            collapsable={undefined}
            hitSlop={undefined}
            isTVSelectable={true}
            nativeID={undefined}
            onLayout={undefined}
            onResponderGrant={[Function]}
            onResponderMove={[Function]}
            onResponderRelease={[Function]}
            onResponderTerminate={[Function]}
            onResponderTerminationRequest={[Function]}
            onStartShouldSetResponder={[Function]}
            style={
              Object {
                "opacity": 1,
              }
            }
            testID={undefined}
            tvParallaxProperties={undefined}
          >
            <View
              style={
                Object {
                  "alignContent": "center",
                  "flexDirection": "row",
                  "justifyContent": "center",
                  "margin": 6.67,
                }
              }
            >
              <Text
                accessible={true}
                allowFontScaling={false}
                disabled={false}
                ellipsizeMode="tail"
                style={
                  Array [
                    Object {
                      "color": "darkgray",
                      "fontSize": 20,
                    },
                    undefined,
                    Object {
                      "fontFamily": "FontAwesome",
                      "fontStyle": "normal",
                      "fontWeight": "normal",
                    },
                  ]
                }
              >
                
              </Text>
              <Text
                accessible={true}
                allowFontScaling={true}
                disabled={false}
                ellipsizeMode="tail"
                style={
                  Array [
                    Object {
                      "fontFamily": "Courier New",
                    },
                    Object {
                      "color": "darkgray",
                      "fontSize": 30.607554623001164,
                      "marginLeft": 5,
                    },
                  ]
                }
              >
                (217) 355-7674
              </Text>
            </View>
          </View>
        </View>
      </View>
      <View
        style={
          Object {
            "backgroundColor": "darkslategray",
            "flex": 3,
            "minHeight": 1000.5,
          }
        }
      />
    </View>
  </RCTScrollView>
</View>
`;
